  Determining projects to restore...
  All projects are up-to-date for restore.
  DiscFit -> D:\Downloads\Discfit Files\DiscFit\bin\x86\Release\net8.0-windows\win-x86\DiscFit1.7.dll

Build succeeded.
    0 Warning(s)
    0 Error(s)

Time Elapsed 00:00:00.66
